// Jest Snapshot v1, https://goo.gl/fbAQLP

exports[`RequestJokeComponent [snapshot] it renders correctly 1`] = `
<Form
  bsClass="form"
  componentClass="form"
  horizontal={false}
  inline={false}
  onSubmit={[Function]}
>
  <FormGroup
    bsClass="form-group"
  >
    <ControlLabel
      bsClass="control-label"
      srOnly={false}
    >
      Request more Jokes!
    </ControlLabel>
    <FormControl
      bsClass="form-control"
      className="form-control-test"
      componentClass="input"
      onChange={[Function]}
      placeholder="Enter id..."
      type="number"
      value=""
    />
  </FormGroup>
  <Button
    active={false}
    block={false}
    bsClass="btn"
    bsStyle="primary"
    disabled={false}
    type="submit"
  >
    Request joke with this id
  </Button>
</Form>
`;
